// Jest Snapshot v1, https://goo.gl/fbAQLP

exports[`APP should match the snapshot 1`] = `
<div
  className="main"
>
  <header>
    <h1
      className="main-title"
    >
      <span>
        <img
          className="truck-icon"
          src="food-truck.png"
        />
      </span>
      TruckTrackr
      <span>
        <img
          className="barrel-icon"
          src="barrel-icon-new.png"
        />
      </span>
    </h1>
    <section>
      <a
        className="menu-trigger"
        id="menu05"
        onClick={[Function]}
      >
        <span />
        <span />
        <span />
      </a>
    </section>
  </header>
  <div
    className="content-holder"
  >
    <Connect(NavBar) />
    <Route
      exact={true}
      path="/login"
      render={[Function]}
    />
    <Route
      component={[Function]}
      exact={true}
      path="/"
    />
    <Route
      exact={true}
      path="/breweries"
      render={[Function]}
    />
    <Route
      exact={true}
      path="/food_trucks"
      render={[Function]}
    />
    <Route
      component={[Function]}
      path="/business/:businessName"
    />
  </div>
</div>
`;
