// Jest Snapshot v1, https://goo.gl/fbAQLP

exports[`APP should match the snapshot 1`] = `
<div
  className="main"
>
  <header>
    <h1
      className="main-title"
    >
      <span>
        <img
          className="truck-icon"
          src="food-truck.png"
        />
      </span>
      TruckTrackr
      <span>
        <img
          className="barrel-icon"
          src="barrel-icon-new.png"
        />
      </span>
    </h1>
    <section
      className="hamburger-holder"
    >
      <a
        className="hamburger-trigger false"
        id="hamburger"
        onClick={[Function]}
      >
        <span />
        <span />
        <span />
      </a>
    </section>
    <button
      className="logout-button"
      onClick={[Function]}
    >
      Log Out
    </button>
  </header>
  <div
    className="content-holder"
  >
    <Connect(NavBar)
      displayStatus={false}
    />
    <Route
      exact={true}
      path="/"
      render={[Function]}
    />
    <Route
      component={[Function]}
      exact={true}
      path="/profile"
    />
    <Route
      exact={true}
      path="/breweries"
      render={[Function]}
    />
    <Route
      exact={true}
      path="/food_trucks"
      render={[Function]}
    />
    <Route
      component={[Function]}
      path="/business/:businessName"
    />
  </div>
</div>
`;
