// Jest Snapshot v1, https://goo.gl/fbAQLP

exports[`NAVBAR should match the snapshot 1`] = `
<nav>
  <ul
    className="nav-controls"
  >
    <li
      className="nav-control my-profile"
    >
      My Profile
    </li>
    <NavLink
      activeClassName="active"
      aria-current="page"
      className="nav-control breweries"
      name="breweries"
      onClick={[Function]}
      to="/breweries"
    >
      Breweries
    </NavLink>
    <NavLink
      activeClassName="active"
      aria-current="page"
      className="nav-control food-trucks"
      name="food_trucks"
      onClick={[Function]}
      to="/food_trucks"
    >
      Food Trucks
    </NavLink>
    <input
      className="search-input"
      placeholder="Search"
    />
  </ul>
</nav>
`;
