// Jest Snapshot v1, https://goo.gl/fbAQLP

exports[`NAVBAR should match the snapshot 1`] = `
<nav
  className="hidden-nav"
>
  <ul
    className="nav-controls"
  >
    <li
      className="hidden"
    >
      My Profile
    </li>
    <NavLink
      activeClassName="active"
      aria-current="page"
      className="hidden"
      name="breweries"
      onClick={[Function]}
      to="/breweries"
    >
      Breweries
    </NavLink>
    <NavLink
      activeClassName="active"
      aria-current="page"
      className="hidden"
      name="food_trucks"
      onClick={[Function]}
      to="/food_trucks"
    >
      Food Trucks
    </NavLink>
    <input
      className="hidden"
      placeholder="Search"
    />
  </ul>
</nav>
`;
