// Jest Snapshot v1, https://goo.gl/fbAQLP

exports[`NAVBAR should match the snapshot 1`] = `
<nav>
  <ul
    className="nav-controls"
  >
    <li
      className="nav-control my-profile"
    >
      My Profile
    </li>
    <li
      className="nav-control browse"
    >
      Browse
    </li>
    <li
      className="nav-control breweries"
    >
      Breweries
    </li>
    <li
      className="nav-control food-trucks"
    >
      Food Trucks
    </li>
    <li
      className="nav-control cancellations"
    >
      Cancellations
    </li>
    <input
      className="search-input"
      placeholder="Search"
    />
  </ul>
</nav>
`;
