// Jest Snapshot v1, https://goo.gl/fbAQLP

exports[`PROFILE PAGE should match the snapshot 1`] = `
<div
  className="parent-container"
>
  <div
    className="profile-container"
  >
    <div
      className="biz-container"
    >
      <h2
        className="biz-name"
      >
        Heads Of State
      </h2>
      <h5
        className="hidden"
      >
        Food Type:
      </h5>
      <h5
        className="hidden"
      />
      <h5
        className="biz-title"
      >
        Phone Number:
      </h5>
      <h5
        className="biz-info"
      >
        344.694.9247
      </h5>
      <h5
        className="biz-title"
      >
        Contact Name:
      </h5>
      <h5
        className="biz-info"
      >
        Pamala
      </h5>
      <h5
        className="biz-title"
      >
        Email:
      </h5>
      <h5
        className="biz-info"
      >
        young@champlin.biz
      </h5>
      <h5
        className="biz-title"
      >
        Website:
      </h5>
      <a
        className="biz-info"
        href="http://hosbeer.com"
        target="blank"
      >
        http://hosbeer.com
      </a>
    </div>
    <button
      className="hidden"
      onClick={[Function]}
    >
      Create Event
    </button>
    <div
      className="upcoming-events-container"
    >
      <h3
        className="upcoming-events-title"
      >
        UPCOMING EVENTS
      </h3>
      <h4
        className="upcoming-events-date booked"
      >
        /2018
        <span
          className="upcoming-events-status"
        >
          Booked
        </span>
      </h4>
      <h4
        className="upcoming-events-date open"
      >
        /2018
        <span
          className="upcoming-events-status"
        >
          Open
        </span>
      </h4>
    </div>
    <form
      className="hidden"
    >
      <input
        className="create-event-input"
        name="eventDate"
        onChange={[Function]}
        placeholder="Event Date (numerical)"
        value=""
      />
      <button
        className="create-event-form-button"
        onClick={[Function]}
      >
        Create
      </button>
    </form>
  </div>
</div>
`;
